est_freshness_guard_rejects_recent_badge_and_latest_in_title

FAILED tests/test_day_slides_latest_contract.py::DaySlidesLatestContractTest::test_freshness_guard_rejects_stale_cta_and_double_latest_tag

FAILED tests/test_day_slides_latest_contract.py::DaySlidesLatestContractTest::test_freshness_guard_supports_fewer_than_three_slides

FAILED tests/test_day_slides_latest_contract.py::DaySlidesLatestContractTest::test_past_backfill_and_featured_only_href_insert_into_month_archive

FAILED tests/test_day_slides_latest_contract.py::DaySlidesLatestContractTest::test_sync_only_unchanged_does_not_write_other_files

FAILED tests/test_day_slides_latest_contract.py::DaySlidesLatestContractTest::test_synchronizer_normalizes_many_old_featured_cards_and_badges

SUBFAILED(target='header CTA', case='missing') tests/test_day_slides_latest_contract.py::DaySlidesLatestContractTest::test_synchronizer_rejects_each_required_target_when_missing_or_duplicate

SUBFAILED(target='header CTA', case='duplicate') tests/test_day_slides_latest_contract.py::DaySlidesLatestContractTest::test_synchronizer_rejects_each_required_target_when_missing_or_duplicate

SUBFAILED(target='Latest Update', case='missing') tests/test_day_slides_latest_contract.py::DaySlidesLatestContractTest::test_synchronizer_rejects_each_required_target_when_missing_or_duplicate

SUBFAILED(target='Latest Update', case='duplicate') tests/test_day_slides_latest_contract.py::DaySlidesLatestContractTest::test_synchronizer_rejects_each_required_target_when_missing_or_duplicate

SUBFAILED(target='Total Slides', case='missing') tests/test_day_slides_latest_contract.py::DaySlidesLatestContractTest::test_synchronizer_rejects_each_required_target_when_missing_or_duplicate

SUBFAILED(target='Total Slides', case='duplicate') tests/test_day_slides_latest_contract.py::DaySlidesLatestContractTest::test_synchronizer_rejects_each_required_target_when_missing_or_duplicate

SUBFAILED(target='Months Covered', case='missing') tests/test_day_slides_latest_contract.py::DaySlidesLatestContractTest::test_synchronizer_rejects_each_required_target_when_missing_or_duplicate

SUBFAILED(target='Months Covered', case='duplicate') tests/test_day_slides_latest_contract.py::DaySlidesLatestContractTest::test_synchronizer_rejects_each_required_target_when_missing_or_duplicate

SUBFAILED(target='featured grid', case='missing') tests/test_day_slides_latest_contract.py::DaySlidesLatestContractTest::test_synchronizer_rejects_each_required_target_when_missing_or_duplicate

SUBFAILED(target='featured grid', case='duplicate') tests/test_day_slides_latest_contract.py::DaySlidesLatestContractTest::test_synchronizer_rejects_each_required_target_when_missing_or_duplicate

SUBFAILED(target='featured description', case='missing') tests/test_day_slides_latest_contract.py::DaySlidesLatestContractTest::test_synchronizer_rejects_each_required_target_when_missing_or_duplicate

SUBFAILED(target='featured description', case='duplicate') tests/test_day_slides_latest_contract.py::DaySlidesLatestContractTest::test_synchronizer_rejects_each_required_target_when_missing_or_duplicate

SUBFAILED(target='archive range', case='missing') tests/test_day_slides_latest_contract.py::DaySlidesLatestContractTest::test_synchronizer_rejects_each_required_target_when_missing_or_duplicate

SUBFAILED(target='archive range', case='duplicate') tests/test_day_slides_latest_contract.py::DaySlidesLatestContractTest::test_synchronizer_rejects_each_required_target_when_missing_or_duplicate

SUBFAILED(target='filter count', case='missing') tests/test_day_slides_latest_contract.py::DaySlidesLatestContractTest::test_synchronizer_rejects_each_required_target_when_missing_or_duplicate

SUBFAILED(target='filter count', case='duplicate') tests/test_day_slides_latest_contract.py::DaySlidesLatestContractTest::test_synchronizer_rejects_each_required_target_when_missing_or_duplicate

SUBFAILED(target='filter total', case='missing') tests/test_day_slides_latest_contract.py::DaySlidesLatestContractTest::test_synchronizer_rejects_each_required_target_when_missing_or_duplicate

SUBFAILED(target='filter total', case='duplicate') tests/test_day_slides_latest_contract.py::DaySlidesLatestContractTest::test_synchronizer_rejects_each_required_target_when_missing_or_duplicate

SUBFAILED(case='duplicate month') tests/test_day_slides_latest_contract.py::DaySlidesLatestContractTest::test_synchronizer_rejects_invalid_month_group_matrix

SUBFAILED(case='empty group') tests/test_day_slides_latest_contract.py::DaySlidesLatestContractTest::test_synchronizer_rejects_invalid_month_group_matrix

SUBFAILED(case='card in wrong month') tests/test_day_slides_latest_contract.py::DaySlidesLatestContractTest::test_synchronizer_rejects_invalid_month_group_matrix

SUBFAILED(case='duplicate month count') tests/test_day_slides_latest_contract.py::DaySlidesLatestContractTest::test_synchronizer_rejects_invalid_month_group_matrix

FAILED tests/test_day_slides_latest_contract.py::DaySlidesLatestContractTest::test_synchronizer_rejects_slide_card_outside_archive_groups

FAILED tests/test_day_slides_latest_contract.py::DaySlidesLatestContractTest::test_synchronizer_repairs_stale_cta_that_also_exists_in_archive

FAILED tests/test_day_slides_latest_contract.py::DaySlidesLatestContractTest::test_validate_reports_stale_cta_and_fourth_featured_card

FAILED tests/test_day_slides_latest_contract.py::DaySlidesLatestContractTest::test_write_outputs_keeps_update_index_as_final_index_writer

FAILED tests/test_ux_improvements.py::test_ranking_title_has_id - assert 'id=...

FAILED tests/test_ux_improvements.py::test_ranking_note_has_id - assert 'id="...

FAILED tests/test_ux_improvements.py::test_ranking_title_no_unconditional_today

FAILED tests/test_ux_improvements.py::test_cat_note_no_hardcoded_4 - assert '...

FAILED tests/test_ux_improvements.py::test_cat_note_has_id - assert 'id="catN...

FAILED tests/test_ux_improvements.py::test_rc_blurb_css_present - assert '.rc...

FAILED tests/test_ux_improvements.py::test_slide_card_desc_has_id - assert 'i...

FAILED tests/test_ux_improvements.py::test_nav_js_is_1024 - assert 'innerWidt...

FAILED tests/test_ux_improvements.py::test_nav_js_not_880 - AssertionError: a...

FAILED tests/test_ux_improvements.py::test_nav_css_is_1024 - assert '@media (...

FAILED tests/test_ux_improvements.py::test_build_script_ranking_card_blurb - ...

FAILED tests/test_ux_improvements.py::test_slide_card_desc_filled - ValueErro...

46 failed, 6 passed in 3.34s


baseline_exit_code=1
